// Jest Snapshot v1, https://goo.gl/fbAQLP

exports[`<PanelSubmitButton  /> should match snapshot 1`] = `<div />`;
