// Jest Snapshot v1, https://goo.gl/fbAQLP

exports[`<AlertMessage  /> should match snapshot 1`] = `<div />`;
