// Jest Snapshot v1, https://goo.gl/fbAQLP

exports[`<QuestionBottom  /> should match snapshot 1`] = `<div />`;
