// Jest Snapshot v1, https://goo.gl/fbAQLP

exports[`<LostPasswordPanel  /> should match snapshot 1`] = `<div />`;
