// Jest Snapshot v1, https://goo.gl/fbAQLP

exports[`<AskQuestionPanel  /> should match snapshot 1`] = `<div />`;
