// Jest Snapshot v1, https://goo.gl/fbAQLP

exports[`<QuestionDetails  /> should match snapshot 1`] = `<div />`;
