// Jest Snapshot v1, https://goo.gl/fbAQLP

exports[`<AuthMessage  /> should match snapshot 1`] = `<div />`;
