// Jest Snapshot v1, https://goo.gl/fbAQLP

exports[`<LostPasswordForm  /> should match snapshot 1`] = `<div />`;
